Archive member included because of file (symbol)

e:/hard/imt embedded system/imt tools/sdk/imt_sdk_win_64/winavr/bin/../lib/gcc/avr/4.3.3/avr5\libgcc.a(_exit.o)
                              e:/hard/imt embedded system/imt tools/sdk/imt_sdk_win_64/winavr/bin/../lib/gcc/avr/4.3.3/../../../../avr/lib/avr5/crtm32.o (exit)
e:/hard/imt embedded system/imt tools/sdk/imt_sdk_win_64/winavr/bin/../lib/gcc/avr/4.3.3/avr5\libgcc.a(_copy_data.o)
                              ./MCAL/Timer0_Driver_V4/Timer0_prog.o (__do_copy_data)
e:/hard/imt embedded system/imt tools/sdk/imt_sdk_win_64/winavr/bin/../lib/gcc/avr/4.3.3/avr5\libgcc.a(_clear_bss.o)
                              ./MCAL/Timer0_Driver_V4/Timer0_prog.o (__do_clear_bss)
e:/hard/imt embedded system/imt tools/sdk/imt_sdk_win_64/winavr/bin/../lib/gcc/avr/4.3.3/avr5\libgcc.a(_fixunssfsi.o)
                              ./MCAL/Timer0_Driver_V4/Timer0_prog.o (__fixunssfsi)
e:/hard/imt embedded system/imt tools/sdk/imt_sdk_win_64/winavr/bin/../lib/gcc/avr/4.3.3/avr5\libgcc.a(_addsub_sf.o)
                              e:/hard/imt embedded system/imt tools/sdk/imt_sdk_win_64/winavr/bin/../lib/gcc/avr/4.3.3/avr5\libgcc.a(_fixunssfsi.o) (__subsf3)
e:/hard/imt embedded system/imt tools/sdk/imt_sdk_win_64/winavr/bin/../lib/gcc/avr/4.3.3/avr5\libgcc.a(_mul_sf.o)
                              ./MCAL/Timer0_Driver_V4/Timer0_prog.o (__mulsf3)
e:/hard/imt embedded system/imt tools/sdk/imt_sdk_win_64/winavr/bin/../lib/gcc/avr/4.3.3/avr5\libgcc.a(_div_sf.o)
                              ./MCAL/Timer0_Driver_V4/Timer0_prog.o (__divsf3)
e:/hard/imt embedded system/imt tools/sdk/imt_sdk_win_64/winavr/bin/../lib/gcc/avr/4.3.3/avr5\libgcc.a(_ge_sf.o)
                              e:/hard/imt embedded system/imt tools/sdk/imt_sdk_win_64/winavr/bin/../lib/gcc/avr/4.3.3/avr5\libgcc.a(_fixunssfsi.o) (__gesf2)
e:/hard/imt embedded system/imt tools/sdk/imt_sdk_win_64/winavr/bin/../lib/gcc/avr/4.3.3/avr5\libgcc.a(_sf_to_si.o)
                              e:/hard/imt embedded system/imt tools/sdk/imt_sdk_win_64/winavr/bin/../lib/gcc/avr/4.3.3/avr5\libgcc.a(_fixunssfsi.o) (__fixsfsi)
e:/hard/imt embedded system/imt tools/sdk/imt_sdk_win_64/winavr/bin/../lib/gcc/avr/4.3.3/avr5\libgcc.a(_thenan_sf.o)
                              e:/hard/imt embedded system/imt tools/sdk/imt_sdk_win_64/winavr/bin/../lib/gcc/avr/4.3.3/avr5\libgcc.a(_addsub_sf.o) (__thenan_sf)
e:/hard/imt embedded system/imt tools/sdk/imt_sdk_win_64/winavr/bin/../lib/gcc/avr/4.3.3/avr5\libgcc.a(_usi_to_sf.o)
                              ./MCAL/Timer0_Driver_V4/Timer0_prog.o (__floatunsisf)
e:/hard/imt embedded system/imt tools/sdk/imt_sdk_win_64/winavr/bin/../lib/gcc/avr/4.3.3/avr5\libgcc.a(_prologue.o)
                              e:/hard/imt embedded system/imt tools/sdk/imt_sdk_win_64/winavr/bin/../lib/gcc/avr/4.3.3/avr5\libgcc.a(_addsub_sf.o) (__prologue_saves__)
e:/hard/imt embedded system/imt tools/sdk/imt_sdk_win_64/winavr/bin/../lib/gcc/avr/4.3.3/avr5\libgcc.a(_epilogue.o)
                              e:/hard/imt embedded system/imt tools/sdk/imt_sdk_win_64/winavr/bin/../lib/gcc/avr/4.3.3/avr5\libgcc.a(_addsub_sf.o) (__epilogue_restores__)
e:/hard/imt embedded system/imt tools/sdk/imt_sdk_win_64/winavr/bin/../lib/gcc/avr/4.3.3/avr5\libgcc.a(_clzsi2.o)
                              e:/hard/imt embedded system/imt tools/sdk/imt_sdk_win_64/winavr/bin/../lib/gcc/avr/4.3.3/avr5\libgcc.a(_usi_to_sf.o) (__clzsi2)
e:/hard/imt embedded system/imt tools/sdk/imt_sdk_win_64/winavr/bin/../lib/gcc/avr/4.3.3/avr5\libgcc.a(_pack_sf.o)
                              e:/hard/imt embedded system/imt tools/sdk/imt_sdk_win_64/winavr/bin/../lib/gcc/avr/4.3.3/avr5\libgcc.a(_addsub_sf.o) (__pack_f)
e:/hard/imt embedded system/imt tools/sdk/imt_sdk_win_64/winavr/bin/../lib/gcc/avr/4.3.3/avr5\libgcc.a(_unpack_sf.o)
                              e:/hard/imt embedded system/imt tools/sdk/imt_sdk_win_64/winavr/bin/../lib/gcc/avr/4.3.3/avr5\libgcc.a(_addsub_sf.o) (__unpack_f)
e:/hard/imt embedded system/imt tools/sdk/imt_sdk_win_64/winavr/bin/../lib/gcc/avr/4.3.3/avr5\libgcc.a(_fpcmp_parts_sf.o)
                              e:/hard/imt embedded system/imt tools/sdk/imt_sdk_win_64/winavr/bin/../lib/gcc/avr/4.3.3/avr5\libgcc.a(_ge_sf.o) (__fpcmp_parts_f)
e:/hard/imt embedded system/imt tools/sdk/imt_sdk_win_64/winavr/bin/../lib/gcc/avr/4.3.3/avr5\libgcc.a(_clz.o)
                              e:/hard/imt embedded system/imt tools/sdk/imt_sdk_win_64/winavr/bin/../lib/gcc/avr/4.3.3/avr5\libgcc.a(_clzsi2.o) (__clz_tab)

Allocating common symbols
Common symbol       size              file

REC_Message         0x10              ./HAL/MCP2515_driver/MCP2515_Programe.o

Memory Configuration

Name             Origin             Length             Attributes
text             0x00000000         0x00020000         xr
data             0x00800060         0x0000ffa0         rw !x
eeprom           0x00810000         0x00010000         rw !x
fuse             0x00820000         0x00000400         rw !x
lock             0x00830000         0x00000400         rw !x
signature        0x00840000         0x00000400         rw !x
*default*        0x00000000         0xffffffff

Linker script and memory map

LOAD e:/hard/imt embedded system/imt tools/sdk/imt_sdk_win_64/winavr/bin/../lib/gcc/avr/4.3.3/../../../../avr/lib/avr5/crtm32.o
LOAD ./MCAL/Timer0_Driver_V4/Timer0_prog.o
LOAD ./MCAL/SPI_driver/SPI_Program.o
LOAD ./MCAL/EXTI_Driver_V2/EXTI_prg.o
LOAD ./MCAL/DIO_V1/DIO_prg.o
LOAD ./HAL/MCP2515_driver/MCP2515_Programe.o
LOAD ./HAL/LED_Handler_V1/LED_prog.o
LOAD ./APP/main.o
LOAD e:/hard/imt embedded system/imt tools/sdk/imt_sdk_win_64/winavr/bin/../lib/gcc/avr/4.3.3/avr5\libgcc.a
LOAD e:/hard/imt embedded system/imt tools/sdk/imt_sdk_win_64/winavr/bin/../lib/gcc/avr/4.3.3/../../../../avr/lib/avr5\libc.a
LOAD e:/hard/imt embedded system/imt tools/sdk/imt_sdk_win_64/winavr/bin/../lib/gcc/avr/4.3.3/avr5\libgcc.a

.hash
 *(.hash)

.dynsym
 *(.dynsym)

.dynstr
 *(.dynstr)

.gnu.version
 *(.gnu.version)

.gnu.version_d
 *(.gnu.version_d)

.gnu.version_r
 *(.gnu.version_r)

.rel.init
 *(.rel.init)

.rela.init
 *(.rela.init)

.rel.text
 *(.rel.text)
 *(.rel.text.*)
 *(.rel.gnu.linkonce.t*)

.rela.text
 *(.rela.text)
 *(.rela.text.*)
 *(.rela.gnu.linkonce.t*)

.rel.fini
 *(.rel.fini)

.rela.fini
 *(.rela.fini)

.rel.rodata
 *(.rel.rodata)
 *(.rel.rodata.*)
 *(.rel.gnu.linkonce.r*)

.rela.rodata
 *(.rela.rodata)
 *(.rela.rodata.*)
 *(.rela.gnu.linkonce.r*)

.rel.data
 *(.rel.data)
 *(.rel.data.*)
 *(.rel.gnu.linkonce.d*)

.rela.data
 *(.rela.data)
 *(.rela.data.*)
 *(.rela.gnu.linkonce.d*)

.rel.ctors
 *(.rel.ctors)

.rela.ctors
 *(.rela.ctors)

.rel.dtors
 *(.rel.dtors)

.rela.dtors
 *(.rela.dtors)

.rel.got
 *(.rel.got)

.rela.got
 *(.rela.got)

.rel.bss
 *(.rel.bss)

.rela.bss
 *(.rela.bss)

.rel.plt
 *(.rel.plt)

.rela.plt
 *(.rela.plt)

.text           0x00000000     0x2746
 *(.vectors)
 .vectors       0x00000000       0x54 e:/hard/imt embedded system/imt tools/sdk/imt_sdk_win_64/winavr/bin/../lib/gcc/avr/4.3.3/../../../../avr/lib/avr5/crtm32.o
                0x00000000                __vectors
                0x00000000                __vector_default
 *(.vectors)
 *(.progmem.gcc*)
 *(.progmem*)
                0x00000054                . = ALIGN (0x2)
                0x00000054                __trampolines_start = .
 *(.trampolines)
 .trampolines   0x00000054        0x0 linker stubs
 *(.trampolines*)
                0x00000054                __trampolines_end = .
 *(.jumptables)
 *(.jumptables*)
 *(.lowtext)
 *(.lowtext*)
                0x00000054                __ctors_start = .
 *(.ctors)
                0x00000054                __ctors_end = .
                0x00000054                __dtors_start = .
 *(.dtors)
                0x00000054                __dtors_end = .
 SORT(*)(.ctors)
 SORT(*)(.dtors)
 *(.init0)
 .init0         0x00000054        0x0 e:/hard/imt embedded system/imt tools/sdk/imt_sdk_win_64/winavr/bin/../lib/gcc/avr/4.3.3/../../../../avr/lib/avr5/crtm32.o
                0x00000054                __init
 *(.init0)
 *(.init1)
 *(.init1)
 *(.init2)
 .init2         0x00000054        0xc e:/hard/imt embedded system/imt tools/sdk/imt_sdk_win_64/winavr/bin/../lib/gcc/avr/4.3.3/../../../../avr/lib/avr5/crtm32.o
 *(.init2)
 *(.init3)
 *(.init3)
 *(.init4)
 .init4         0x00000060       0x16 e:/hard/imt embedded system/imt tools/sdk/imt_sdk_win_64/winavr/bin/../lib/gcc/avr/4.3.3/avr5\libgcc.a(_copy_data.o)
                0x00000060                __do_copy_data
 .init4         0x00000076       0x10 e:/hard/imt embedded system/imt tools/sdk/imt_sdk_win_64/winavr/bin/../lib/gcc/avr/4.3.3/avr5\libgcc.a(_clear_bss.o)
                0x00000076                __do_clear_bss
 *(.init4)
 *(.init5)
 *(.init5)
 *(.init6)
 *(.init6)
 *(.init7)
 *(.init7)
 *(.init8)
 *(.init8)
 *(.init9)
 .init9         0x00000086        0x8 e:/hard/imt embedded system/imt tools/sdk/imt_sdk_win_64/winavr/bin/../lib/gcc/avr/4.3.3/../../../../avr/lib/avr5/crtm32.o
 *(.init9)
 *(.text)
 .text          0x0000008e        0x4 e:/hard/imt embedded system/imt tools/sdk/imt_sdk_win_64/winavr/bin/../lib/gcc/avr/4.3.3/../../../../avr/lib/avr5/crtm32.o
                0x0000008e                __vector_12
                0x0000008e                __bad_interrupt
                0x0000008e                __vector_6
                0x0000008e                __vector_3
                0x0000008e                __vector_13
                0x0000008e                __vector_17
                0x0000008e                __vector_19
                0x0000008e                __vector_7
                0x0000008e                __vector_5
                0x0000008e                __vector_4
                0x0000008e                __vector_9
                0x0000008e                __vector_15
                0x0000008e                __vector_8
                0x0000008e                __vector_14
                0x0000008e                __vector_16
                0x0000008e                __vector_18
                0x0000008e                __vector_20
 .text          0x00000092        0x0 ./MCAL/Timer0_Driver_V4/Timer0_prog.o
 .text          0x00000092        0x0 ./MCAL/SPI_driver/SPI_Program.o
 .text          0x00000092        0x0 ./MCAL/EXTI_Driver_V2/EXTI_prg.o
 .text          0x00000092        0x0 ./MCAL/DIO_V1/DIO_prg.o
 .text          0x00000092        0x0 ./HAL/MCP2515_driver/MCP2515_Programe.o
 .text          0x00000092        0x0 ./HAL/LED_Handler_V1/LED_prog.o
 .text          0x00000092        0x0 ./APP/main.o
 .text          0x00000092        0x0 e:/hard/imt embedded system/imt tools/sdk/imt_sdk_win_64/winavr/bin/../lib/gcc/avr/4.3.3/avr5\libgcc.a(_exit.o)
 .text          0x00000092        0x0 e:/hard/imt embedded system/imt tools/sdk/imt_sdk_win_64/winavr/bin/../lib/gcc/avr/4.3.3/avr5\libgcc.a(_copy_data.o)
 .text          0x00000092        0x0 e:/hard/imt embedded system/imt tools/sdk/imt_sdk_win_64/winavr/bin/../lib/gcc/avr/4.3.3/avr5\libgcc.a(_clear_bss.o)
 .text          0x00000092       0x58 e:/hard/imt embedded system/imt tools/sdk/imt_sdk_win_64/winavr/bin/../lib/gcc/avr/4.3.3/avr5\libgcc.a(_fixunssfsi.o)
                0x00000092                __fixunssfsi
 .text          0x000000ea      0x354 e:/hard/imt embedded system/imt tools/sdk/imt_sdk_win_64/winavr/bin/../lib/gcc/avr/4.3.3/avr5\libgcc.a(_addsub_sf.o)
                0x00000382                __subsf3
                0x000003e4                __addsf3
 .text          0x0000043e      0x1f4 e:/hard/imt embedded system/imt tools/sdk/imt_sdk_win_64/winavr/bin/../lib/gcc/avr/4.3.3/avr5\libgcc.a(_mul_sf.o)
                0x0000043e                __mulsf3
 .text          0x00000632      0x158 e:/hard/imt embedded system/imt tools/sdk/imt_sdk_win_64/winavr/bin/../lib/gcc/avr/4.3.3/avr5\libgcc.a(_div_sf.o)
                0x00000632                __divsf3
 .text          0x0000078a       0x60 e:/hard/imt embedded system/imt tools/sdk/imt_sdk_win_64/winavr/bin/../lib/gcc/avr/4.3.3/avr5\libgcc.a(_ge_sf.o)
                0x0000078a                __gesf2
 .text          0x000007ea       0xa8 e:/hard/imt embedded system/imt tools/sdk/imt_sdk_win_64/winavr/bin/../lib/gcc/avr/4.3.3/avr5\libgcc.a(_sf_to_si.o)
                0x000007ea                __fixsfsi
 .text          0x00000892        0x0 e:/hard/imt embedded system/imt tools/sdk/imt_sdk_win_64/winavr/bin/../lib/gcc/avr/4.3.3/avr5\libgcc.a(_thenan_sf.o)
 .text          0x00000892       0xf2 e:/hard/imt embedded system/imt tools/sdk/imt_sdk_win_64/winavr/bin/../lib/gcc/avr/4.3.3/avr5\libgcc.a(_usi_to_sf.o)
                0x00000892                __floatunsisf
 .text          0x00000984        0x0 e:/hard/imt embedded system/imt tools/sdk/imt_sdk_win_64/winavr/bin/../lib/gcc/avr/4.3.3/avr5\libgcc.a(_prologue.o)
 .text          0x00000984        0x0 e:/hard/imt embedded system/imt tools/sdk/imt_sdk_win_64/winavr/bin/../lib/gcc/avr/4.3.3/avr5\libgcc.a(_epilogue.o)
 .text          0x00000984       0x9e e:/hard/imt embedded system/imt tools/sdk/imt_sdk_win_64/winavr/bin/../lib/gcc/avr/4.3.3/avr5\libgcc.a(_clzsi2.o)
                0x00000984                __clzsi2
 .text          0x00000a22      0x1aa e:/hard/imt embedded system/imt tools/sdk/imt_sdk_win_64/winavr/bin/../lib/gcc/avr/4.3.3/avr5\libgcc.a(_pack_sf.o)
                0x00000a22                __pack_f
 .text          0x00000bcc       0xf0 e:/hard/imt embedded system/imt tools/sdk/imt_sdk_win_64/winavr/bin/../lib/gcc/avr/4.3.3/avr5\libgcc.a(_unpack_sf.o)
                0x00000bcc                __unpack_f
 .text          0x00000cbc       0xb2 e:/hard/imt embedded system/imt tools/sdk/imt_sdk_win_64/winavr/bin/../lib/gcc/avr/4.3.3/avr5\libgcc.a(_fpcmp_parts_sf.o)
                0x00000cbc                __fpcmp_parts_f
 .text          0x00000d6e        0x0 e:/hard/imt embedded system/imt tools/sdk/imt_sdk_win_64/winavr/bin/../lib/gcc/avr/4.3.3/avr5\libgcc.a(_clz.o)
                0x00000d6e                . = ALIGN (0x2)
 *(.text.*)
 .text.__vector_11
                0x00000d6e       0x66 ./MCAL/Timer0_Driver_V4/Timer0_prog.o
                0x00000d6e                __vector_11
 .text.__vector_10
                0x00000dd4       0x66 ./MCAL/Timer0_Driver_V4/Timer0_prog.o
                0x00000dd4                __vector_10
 .text.Timer0_vidinit
                0x00000e3a       0x46 ./MCAL/Timer0_Driver_V4/Timer0_prog.o
                0x00000e3a                Timer0_vidinit
 .text.Timer0_vidSlctPrescaller
                0x00000e80       0x26 ./MCAL/Timer0_Driver_V4/Timer0_prog.o
                0x00000e80                Timer0_vidSlctPrescaller
 .text.Timer0_vidSetPreloadVlaue
                0x00000ea6       0x1c ./MCAL/Timer0_Driver_V4/Timer0_prog.o
                0x00000ea6                Timer0_vidSetPreloadVlaue
 .text.Timer0_vidSetCTCValue
                0x00000ec2       0x1c ./MCAL/Timer0_Driver_V4/Timer0_prog.o
                0x00000ec2                Timer0_vidSetCTCValue
 .text.Timer0_vidStartTimer
                0x00000ede       0x2e ./MCAL/Timer0_Driver_V4/Timer0_prog.o
                0x00000ede                Timer0_vidStartTimer
 .text.Timer0_vidStopTimer
                0x00000f0c       0x1c ./MCAL/Timer0_Driver_V4/Timer0_prog.o
                0x00000f0c                Timer0_vidStopTimer
 .text.Timer0_vidTovfIrqEnable
                0x00000f28       0x1c ./MCAL/Timer0_Driver_V4/Timer0_prog.o
                0x00000f28                Timer0_vidTovfIrqEnable
 .text.Timer0_vidTovfIrqDisable
                0x00000f44       0x1c ./MCAL/Timer0_Driver_V4/Timer0_prog.o
                0x00000f44                Timer0_vidTovfIrqDisable
 .text.Timer0_vidCtcIrqEnable
                0x00000f60       0x1c ./MCAL/Timer0_Driver_V4/Timer0_prog.o
                0x00000f60                Timer0_vidCtcIrqEnable
 .text.Timer0_vidCtcIrqDisable
                0x00000f7c       0x1c ./MCAL/Timer0_Driver_V4/Timer0_prog.o
                0x00000f7c                Timer0_vidCtcIrqDisable
 .text.Timer0_vidSet_Tovf_Call_Back
                0x00000f98       0x2c ./MCAL/Timer0_Driver_V4/Timer0_prog.o
                0x00000f98                Timer0_vidSet_Tovf_Call_Back
 .text.Timer0_vidSet_CTC_Call_Back
                0x00000fc4       0x2c ./MCAL/Timer0_Driver_V4/Timer0_prog.o
                0x00000fc4                Timer0_vidSet_CTC_Call_Back
 .text.Timer0_vidSetPwmDutyCycle
                0x00000ff0       0x6a ./MCAL/Timer0_Driver_V4/Timer0_prog.o
                0x00000ff0                Timer0_vidSetPwmDutyCycle
 .text.MSPI_voidSpiMasterInit
                0x0000105a       0x86 ./MCAL/SPI_driver/SPI_Program.o
                0x0000105a                MSPI_voidSpiMasterInit
 .text.MSPI_voidSetPreSca
                0x000010e0      0x1de ./MCAL/SPI_driver/SPI_Program.o
                0x000010e0                MSPI_voidSetPreSca
 .text.MSPI_VidChipSelect
                0x000012be       0x30 ./MCAL/SPI_driver/SPI_Program.o
                0x000012be                MSPI_VidChipSelect
 .text.MSPI_U8MasterTransmit
                0x000012ee       0x34 ./MCAL/SPI_driver/SPI_Program.o
                0x000012ee                MSPI_U8MasterTransmit
 .text.EXTI_u8SetSource
                0x00001322      0x270 ./MCAL/EXTI_Driver_V2/EXTI_prg.o
                0x00001322                EXTI_u8SetSource
 .text.EXTI_u8EnablePIE
                0x00001592       0x7a ./MCAL/EXTI_Driver_V2/EXTI_prg.o
                0x00001592                EXTI_u8EnablePIE
 .text.EXTI_u8DisablePIE
                0x0000160c       0x7a ./MCAL/EXTI_Driver_V2/EXTI_prg.o
                0x0000160c                EXTI_u8DisablePIE
 .text.EXTI_voidEnableGIE
                0x00001686       0x1c ./MCAL/EXTI_Driver_V2/EXTI_prg.o
                0x00001686                EXTI_voidEnableGIE
 .text.EXTI_voidDisableGIE
                0x000016a2       0x1c ./MCAL/EXTI_Driver_V2/EXTI_prg.o
                0x000016a2                EXTI_voidDisableGIE
 .text.EXTI_voidSet_INT0_Cbf
                0x000016be       0x2c ./MCAL/EXTI_Driver_V2/EXTI_prg.o
                0x000016be                EXTI_voidSet_INT0_Cbf
 .text.EXTI_voidSet_INT1_Cbf
                0x000016ea       0x2c ./MCAL/EXTI_Driver_V2/EXTI_prg.o
                0x000016ea                EXTI_voidSet_INT1_Cbf
 .text.__vector_1
                0x00001716       0x66 ./MCAL/EXTI_Driver_V2/EXTI_prg.o
                0x00001716                __vector_1
 .text.__vector_2
                0x0000177c       0x66 ./MCAL/EXTI_Driver_V2/EXTI_prg.o
                0x0000177c                __vector_2
 .text.DIO_u8setPortDir
                0x000017e2       0x90 ./MCAL/DIO_V1/DIO_prg.o
                0x000017e2                DIO_u8setPortDir
 .text.DIO_u8setPortVal
                0x00001872       0x90 ./MCAL/DIO_V1/DIO_prg.o
                0x00001872                DIO_u8setPortVal
 .text.DIO_u8getPortVal
                0x00001902       0xa4 ./MCAL/DIO_V1/DIO_prg.o
                0x00001902                DIO_u8getPortVal
 .text.DIO_u8setPinDir
                0x000019a6      0x224 ./MCAL/DIO_V1/DIO_prg.o
                0x000019a6                DIO_u8setPinDir
 .text.DIO_u8setPinVal
                0x00001bca      0x224 ./MCAL/DIO_V1/DIO_prg.o
                0x00001bca                DIO_u8setPinVal
 .text.DIO_u8getPinVal
                0x00001dee      0x126 ./MCAL/DIO_V1/DIO_prg.o
                0x00001dee                DIO_u8getPinVal
 .text.HMCP2515_voidWriteReg
                0x00001f14       0x36 ./HAL/MCP2515_driver/MCP2515_Programe.o
                0x00001f14                HMCP2515_voidWriteReg
 .text.HMCP2515_U8ReadReg
                0x00001f4a       0x38 ./HAL/MCP2515_driver/MCP2515_Programe.o
                0x00001f4a                HMCP2515_U8ReadReg
 .text.HMCP2515_voidResetInst
                0x00001f82       0x20 ./HAL/MCP2515_driver/MCP2515_Programe.o
                0x00001f82                HMCP2515_voidResetInst
 .text.HMCP2515_voidBitModify
                0x00001fa2       0x42 ./HAL/MCP2515_driver/MCP2515_Programe.o
                0x00001fa2                HMCP2515_voidBitModify
 .text.HMCP2515_voidSetBitTiming
                0x00001fe4       0x36 ./HAL/MCP2515_driver/MCP2515_Programe.o
                0x00001fe4                HMCP2515_voidSetBitTiming
 .text.HMCP2515_voidSetMode
                0x0000201a       0x3c ./HAL/MCP2515_driver/MCP2515_Programe.o
                0x0000201a                HMCP2515_voidSetMode
 .text.HMCP2515_voidInitTransimiter
                0x00002056       0x3e ./HAL/MCP2515_driver/MCP2515_Programe.o
                0x00002056                HMCP2515_voidInitTransimiter
 .text.HMCP2515_VidSendCAN_Msg
                0x00002094       0xd2 ./HAL/MCP2515_driver/MCP2515_Programe.o
                0x00002094                HMCP2515_VidSendCAN_Msg
 .text.HMCP2515_voidRollOver
                0x00002166       0x4a ./HAL/MCP2515_driver/MCP2515_Programe.o
                0x00002166                HMCP2515_voidRollOver
 .text.HMCP2515_voidSetMask
                0x000021b0       0xb6 ./HAL/MCP2515_driver/MCP2515_Programe.o
                0x000021b0                HMCP2515_voidSetMask
 .text.HMCP2515_voidRecievInit
                0x00002266       0x72 ./HAL/MCP2515_driver/MCP2515_Programe.o
                0x00002266                HMCP2515_voidRecievInit
 .text.HMCP2515_voidRecieveMess
                0x000022d8       0x62 ./HAL/MCP2515_driver/MCP2515_Programe.o
                0x000022d8                HMCP2515_voidRecieveMess
 .text.LED_u8Mapping
                0x0000233a      0x120 ./HAL/LED_Handler_V1/LED_prog.o
 .text.LED_vidInit
                0x0000245a       0x6e ./HAL/LED_Handler_V1/LED_prog.o
                0x0000245a                LED_vidInit
 .text.LED_vidToggleLed
                0x000024c8       0x70 ./HAL/LED_Handler_V1/LED_prog.o
                0x000024c8                LED_vidToggleLed
 .text.LED_vidTurnOnLed
                0x00002538       0x40 ./HAL/LED_Handler_V1/LED_prog.o
                0x00002538                LED_vidTurnOnLed
 .text.LED_vidTurnOffLed
                0x00002578       0x40 ./HAL/LED_Handler_V1/LED_prog.o
                0x00002578                LED_vidTurnOffLed
 .text.main     0x000025b8       0xc6 ./APP/main.o
                0x000025b8                main
 .text.RX_Distance
                0x0000267e       0x56 ./APP/main.o
                0x0000267e                RX_Distance
 .text.libgcc   0x000026d4        0x0 e:/hard/imt embedded system/imt tools/sdk/imt_sdk_win_64/winavr/bin/../lib/gcc/avr/4.3.3/avr5\libgcc.a(_exit.o)
 .text.libgcc   0x000026d4        0x0 e:/hard/imt embedded system/imt tools/sdk/imt_sdk_win_64/winavr/bin/../lib/gcc/avr/4.3.3/avr5\libgcc.a(_copy_data.o)
 .text.libgcc   0x000026d4        0x0 e:/hard/imt embedded system/imt tools/sdk/imt_sdk_win_64/winavr/bin/../lib/gcc/avr/4.3.3/avr5\libgcc.a(_clear_bss.o)
 .text.libgcc   0x000026d4       0x38 e:/hard/imt embedded system/imt tools/sdk/imt_sdk_win_64/winavr/bin/../lib/gcc/avr/4.3.3/avr5\libgcc.a(_prologue.o)
                0x000026d4                __prologue_saves__
 .text.libgcc   0x0000270c       0x36 e:/hard/imt embedded system/imt tools/sdk/imt_sdk_win_64/winavr/bin/../lib/gcc/avr/4.3.3/avr5\libgcc.a(_epilogue.o)
                0x0000270c                __epilogue_restores__
                0x00002742                . = ALIGN (0x2)
 *(.fini9)
 .fini9         0x00002742        0x0 e:/hard/imt embedded system/imt tools/sdk/imt_sdk_win_64/winavr/bin/../lib/gcc/avr/4.3.3/avr5\libgcc.a(_exit.o)
                0x00002742                exit
                0x00002742                _exit
 *(.fini9)
 *(.fini8)
 *(.fini8)
 *(.fini7)
 *(.fini7)
 *(.fini6)
 *(.fini6)
 *(.fini5)
 *(.fini5)
 *(.fini4)
 *(.fini4)
 *(.fini3)
 *(.fini3)
 *(.fini2)
 *(.fini2)
 *(.fini1)
 *(.fini1)
 *(.fini0)
 .fini0         0x00002742        0x4 e:/hard/imt embedded system/imt tools/sdk/imt_sdk_win_64/winavr/bin/../lib/gcc/avr/4.3.3/avr5\libgcc.a(_exit.o)
 *(.fini0)
                0x00002746                _etext = .

.data           0x00800060      0x118 load address 0x00002746
                0x00800060                PROVIDE (__data_start, .)
 *(.data)
 .data          0x00800060        0x0 e:/hard/imt embedded system/imt tools/sdk/imt_sdk_win_64/winavr/bin/../lib/gcc/avr/4.3.3/../../../../avr/lib/avr5/crtm32.o
 .data          0x00800060        0x0 ./MCAL/Timer0_Driver_V4/Timer0_prog.o
 .data          0x00800060        0x0 ./MCAL/SPI_driver/SPI_Program.o
 .data          0x00800060        0x0 ./MCAL/EXTI_Driver_V2/EXTI_prg.o
 .data          0x00800060        0x0 ./MCAL/DIO_V1/DIO_prg.o
 .data          0x00800060        0x0 ./HAL/MCP2515_driver/MCP2515_Programe.o
 .data          0x00800060        0x0 ./HAL/LED_Handler_V1/LED_prog.o
 .data          0x00800060        0x0 ./APP/main.o
 .data          0x00800060        0x0 e:/hard/imt embedded system/imt tools/sdk/imt_sdk_win_64/winavr/bin/../lib/gcc/avr/4.3.3/avr5\libgcc.a(_exit.o)
 .data          0x00800060        0x0 e:/hard/imt embedded system/imt tools/sdk/imt_sdk_win_64/winavr/bin/../lib/gcc/avr/4.3.3/avr5\libgcc.a(_copy_data.o)
 .data          0x00800060        0x0 e:/hard/imt embedded system/imt tools/sdk/imt_sdk_win_64/winavr/bin/../lib/gcc/avr/4.3.3/avr5\libgcc.a(_clear_bss.o)
 .data          0x00800060        0x0 e:/hard/imt embedded system/imt tools/sdk/imt_sdk_win_64/winavr/bin/../lib/gcc/avr/4.3.3/avr5\libgcc.a(_fixunssfsi.o)
 .data          0x00800060        0x0 e:/hard/imt embedded system/imt tools/sdk/imt_sdk_win_64/winavr/bin/../lib/gcc/avr/4.3.3/avr5\libgcc.a(_addsub_sf.o)
 .data          0x00800060        0x0 e:/hard/imt embedded system/imt tools/sdk/imt_sdk_win_64/winavr/bin/../lib/gcc/avr/4.3.3/avr5\libgcc.a(_mul_sf.o)
 .data          0x00800060        0x0 e:/hard/imt embedded system/imt tools/sdk/imt_sdk_win_64/winavr/bin/../lib/gcc/avr/4.3.3/avr5\libgcc.a(_div_sf.o)
 .data          0x00800060        0x0 e:/hard/imt embedded system/imt tools/sdk/imt_sdk_win_64/winavr/bin/../lib/gcc/avr/4.3.3/avr5\libgcc.a(_ge_sf.o)
 .data          0x00800060        0x0 e:/hard/imt embedded system/imt tools/sdk/imt_sdk_win_64/winavr/bin/../lib/gcc/avr/4.3.3/avr5\libgcc.a(_sf_to_si.o)
 .data          0x00800060        0x8 e:/hard/imt embedded system/imt tools/sdk/imt_sdk_win_64/winavr/bin/../lib/gcc/avr/4.3.3/avr5\libgcc.a(_thenan_sf.o)
                0x00800060                __thenan_sf
 .data          0x00800068        0x0 e:/hard/imt embedded system/imt tools/sdk/imt_sdk_win_64/winavr/bin/../lib/gcc/avr/4.3.3/avr5\libgcc.a(_usi_to_sf.o)
 .data          0x00800068        0x0 e:/hard/imt embedded system/imt tools/sdk/imt_sdk_win_64/winavr/bin/../lib/gcc/avr/4.3.3/avr5\libgcc.a(_prologue.o)
 .data          0x00800068        0x0 e:/hard/imt embedded system/imt tools/sdk/imt_sdk_win_64/winavr/bin/../lib/gcc/avr/4.3.3/avr5\libgcc.a(_epilogue.o)
 .data          0x00800068        0x0 e:/hard/imt embedded system/imt tools/sdk/imt_sdk_win_64/winavr/bin/../lib/gcc/avr/4.3.3/avr5\libgcc.a(_clzsi2.o)
 .data          0x00800068        0x0 e:/hard/imt embedded system/imt tools/sdk/imt_sdk_win_64/winavr/bin/../lib/gcc/avr/4.3.3/avr5\libgcc.a(_pack_sf.o)
 .data          0x00800068        0x0 e:/hard/imt embedded system/imt tools/sdk/imt_sdk_win_64/winavr/bin/../lib/gcc/avr/4.3.3/avr5\libgcc.a(_unpack_sf.o)
 .data          0x00800068        0x0 e:/hard/imt embedded system/imt tools/sdk/imt_sdk_win_64/winavr/bin/../lib/gcc/avr/4.3.3/avr5\libgcc.a(_fpcmp_parts_sf.o)
 .data          0x00800068      0x100 e:/hard/imt embedded system/imt tools/sdk/imt_sdk_win_64/winavr/bin/../lib/gcc/avr/4.3.3/avr5\libgcc.a(_clz.o)
                0x00800068                __clz_tab
 *(.data*)
 .data.TIMER0_CLK_SLCT
                0x00800168        0x1 ./MCAL/Timer0_Driver_V4/Timer0_prog.o
 .data._Data_lentgh_
                0x00800169        0x1 ./APP/main.o
                0x00800169                _Data_lentgh_
 .data._CAN_Msg_ID
                0x0080016a        0x2 ./APP/main.o
                0x0080016a                _CAN_Msg_ID
 .data.Global_Turn_Left_
                0x0080016c        0x4 ./APP/main.o
 .data.Global_Turn_Right_
                0x00800170        0x4 ./APP/main.o
 .data.Global_Go_Straight__
                0x00800174        0x4 ./APP/main.o
 *(.rodata)
 *(.rodata*)
 *(.gnu.linkonce.d*)
                0x00800178                . = ALIGN (0x2)
                0x00800178                _edata = .
                0x00800178                PROVIDE (__data_end, .)

.bss            0x00800178       0x2c
                0x00800178                PROVIDE (__bss_start, .)
 *(.bss)
 .bss           0x00800178        0x0 e:/hard/imt embedded system/imt tools/sdk/imt_sdk_win_64/winavr/bin/../lib/gcc/avr/4.3.3/../../../../avr/lib/avr5/crtm32.o
 .bss           0x00800178        0x0 ./MCAL/Timer0_Driver_V4/Timer0_prog.o
 .bss           0x00800178        0x0 ./MCAL/SPI_driver/SPI_Program.o
 .bss           0x00800178        0x0 ./MCAL/EXTI_Driver_V2/EXTI_prg.o
 .bss           0x00800178        0x0 ./MCAL/DIO_V1/DIO_prg.o
 .bss           0x00800178        0x0 ./HAL/MCP2515_driver/MCP2515_Programe.o
 .bss           0x00800178        0x0 ./HAL/LED_Handler_V1/LED_prog.o
 .bss           0x00800178        0x0 ./APP/main.o
 .bss           0x00800178        0x0 e:/hard/imt embedded system/imt tools/sdk/imt_sdk_win_64/winavr/bin/../lib/gcc/avr/4.3.3/avr5\libgcc.a(_exit.o)
 .bss           0x00800178        0x0 e:/hard/imt embedded system/imt tools/sdk/imt_sdk_win_64/winavr/bin/../lib/gcc/avr/4.3.3/avr5\libgcc.a(_copy_data.o)
 .bss           0x00800178        0x0 e:/hard/imt embedded system/imt tools/sdk/imt_sdk_win_64/winavr/bin/../lib/gcc/avr/4.3.3/avr5\libgcc.a(_clear_bss.o)
 .bss           0x00800178        0x0 e:/hard/imt embedded system/imt tools/sdk/imt_sdk_win_64/winavr/bin/../lib/gcc/avr/4.3.3/avr5\libgcc.a(_fixunssfsi.o)
 .bss           0x00800178        0x0 e:/hard/imt embedded system/imt tools/sdk/imt_sdk_win_64/winavr/bin/../lib/gcc/avr/4.3.3/avr5\libgcc.a(_addsub_sf.o)
 .bss           0x00800178        0x0 e:/hard/imt embedded system/imt tools/sdk/imt_sdk_win_64/winavr/bin/../lib/gcc/avr/4.3.3/avr5\libgcc.a(_mul_sf.o)
 .bss           0x00800178        0x0 e:/hard/imt embedded system/imt tools/sdk/imt_sdk_win_64/winavr/bin/../lib/gcc/avr/4.3.3/avr5\libgcc.a(_div_sf.o)
 .bss           0x00800178        0x0 e:/hard/imt embedded system/imt tools/sdk/imt_sdk_win_64/winavr/bin/../lib/gcc/avr/4.3.3/avr5\libgcc.a(_ge_sf.o)
 .bss           0x00800178        0x0 e:/hard/imt embedded system/imt tools/sdk/imt_sdk_win_64/winavr/bin/../lib/gcc/avr/4.3.3/avr5\libgcc.a(_sf_to_si.o)
 .bss           0x00800178        0x0 e:/hard/imt embedded system/imt tools/sdk/imt_sdk_win_64/winavr/bin/../lib/gcc/avr/4.3.3/avr5\libgcc.a(_thenan_sf.o)
 .bss           0x00800178        0x0 e:/hard/imt embedded system/imt tools/sdk/imt_sdk_win_64/winavr/bin/../lib/gcc/avr/4.3.3/avr5\libgcc.a(_usi_to_sf.o)
 .bss           0x00800178        0x0 e:/hard/imt embedded system/imt tools/sdk/imt_sdk_win_64/winavr/bin/../lib/gcc/avr/4.3.3/avr5\libgcc.a(_prologue.o)
 .bss           0x00800178        0x0 e:/hard/imt embedded system/imt tools/sdk/imt_sdk_win_64/winavr/bin/../lib/gcc/avr/4.3.3/avr5\libgcc.a(_epilogue.o)
 .bss           0x00800178        0x0 e:/hard/imt embedded system/imt tools/sdk/imt_sdk_win_64/winavr/bin/../lib/gcc/avr/4.3.3/avr5\libgcc.a(_clzsi2.o)
 .bss           0x00800178        0x0 e:/hard/imt embedded system/imt tools/sdk/imt_sdk_win_64/winavr/bin/../lib/gcc/avr/4.3.3/avr5\libgcc.a(_pack_sf.o)
 .bss           0x00800178        0x0 e:/hard/imt embedded system/imt tools/sdk/imt_sdk_win_64/winavr/bin/../lib/gcc/avr/4.3.3/avr5\libgcc.a(_unpack_sf.o)
 .bss           0x00800178        0x0 e:/hard/imt embedded system/imt tools/sdk/imt_sdk_win_64/winavr/bin/../lib/gcc/avr/4.3.3/avr5\libgcc.a(_fpcmp_parts_sf.o)
 .bss           0x00800178        0x0 e:/hard/imt embedded system/imt tools/sdk/imt_sdk_win_64/winavr/bin/../lib/gcc/avr/4.3.3/avr5\libgcc.a(_clz.o)
 *(.bss*)
 .bss.Timer0_Tovf_cbk_Fptr
                0x00800178        0x2 ./MCAL/Timer0_Driver_V4/Timer0_prog.o
 .bss.Timer0_Ctc_cbk_Fptr
                0x0080017a        0x2 ./MCAL/Timer0_Driver_V4/Timer0_prog.o
 .bss.INT0_Cbf_ptr
                0x0080017c        0x2 ./MCAL/EXTI_Driver_V2/EXTI_prg.o
 .bss.INT1_Cbf_ptr
                0x0080017e        0x2 ./MCAL/EXTI_Driver_V2/EXTI_prg.o
 .bss.LED_NUMBER_STATUS
                0x00800180        0x1 ./HAL/LED_Handler_V1/LED_prog.o
                0x00800180                LED_NUMBER_STATUS
 .bss.LED_PORT  0x00800181        0x1 ./HAL/LED_Handler_V1/LED_prog.o
                0x00800181                LED_PORT
 .bss.LED_PIN   0x00800182        0x1 ./HAL/LED_Handler_V1/LED_prog.o
                0x00800182                LED_PIN
 .bss.App_CANMsgFlag
                0x00800183        0x1 ./APP/main.o
                0x00800183                App_CANMsgFlag
 .bss.App_CANMsgBuffer
                0x00800184       0x10 ./APP/main.o
 *(COMMON)
 COMMON         0x00800194       0x10 ./HAL/MCP2515_driver/MCP2515_Programe.o
                0x00800194                REC_Message
                0x008001a4                PROVIDE (__bss_end, .)
                0x00002746                __data_load_start = LOADADDR (.data)
                0x0000285e                __data_load_end = (__data_load_start + SIZEOF (.data))

.noinit         0x008001a4        0x0
                0x008001a4                PROVIDE (__noinit_start, .)
 *(.noinit*)
                0x008001a4                PROVIDE (__noinit_end, .)
                0x008001a4                _end = .
                0x008001a4                PROVIDE (__heap_start, .)

.eeprom         0x00810000        0x0
 *(.eeprom*)
                0x00810000                __eeprom_end = .

.fuse
 *(.fuse)
 *(.lfuse)
 *(.hfuse)
 *(.efuse)

.lock
 *(.lock*)

.signature
 *(.signature*)

.stab           0x00000000     0x2ae4
 *(.stab)
 .stab          0x00000000      0x780 ./MCAL/Timer0_Driver_V4/Timer0_prog.o
 .stab          0x00000780      0x4a4 ./MCAL/SPI_driver/SPI_Program.o
                                0x4b0 (size before relaxing)
 .stab          0x00000c24      0x678 ./MCAL/EXTI_Driver_V2/EXTI_prg.o
                                0x840 (size before relaxing)
 .stab          0x0000129c      0x72c ./MCAL/DIO_V1/DIO_prg.o
                                0x738 (size before relaxing)
 .stab          0x000019c8      0x81c ./HAL/MCP2515_driver/MCP2515_Programe.o
                                0x828 (size before relaxing)
 .stab          0x000021e4      0x4f8 ./HAL/LED_Handler_V1/LED_prog.o
                                0x504 (size before relaxing)
 .stab          0x000026dc      0x408 ./APP/main.o
                                0x5d0 (size before relaxing)

.stabstr        0x00000000     0x191f
 *(.stabstr)
 .stabstr       0x00000000     0x191f ./MCAL/Timer0_Driver_V4/Timer0_prog.o

.stab.excl
 *(.stab.excl)

.stab.exclstr
 *(.stab.exclstr)

.stab.index
 *(.stab.index)

.stab.indexstr
 *(.stab.indexstr)

.comment
 *(.comment)

.debug
 *(.debug)

.line
 *(.line)

.debug_srcinfo
 *(.debug_srcinfo)

.debug_sfnames
 *(.debug_sfnames)

.debug_aranges  0x00000000      0x160
 *(.debug_aranges)
 .debug_aranges
                0x00000000       0x20 e:/hard/imt embedded system/imt tools/sdk/imt_sdk_win_64/winavr/bin/../lib/gcc/avr/4.3.3/avr5\libgcc.a(_fixunssfsi.o)
 .debug_aranges
                0x00000020       0x20 e:/hard/imt embedded system/imt tools/sdk/imt_sdk_win_64/winavr/bin/../lib/gcc/avr/4.3.3/avr5\libgcc.a(_addsub_sf.o)
 .debug_aranges
                0x00000040       0x20 e:/hard/imt embedded system/imt tools/sdk/imt_sdk_win_64/winavr/bin/../lib/gcc/avr/4.3.3/avr5\libgcc.a(_mul_sf.o)
 .debug_aranges
                0x00000060       0x20 e:/hard/imt embedded system/imt tools/sdk/imt_sdk_win_64/winavr/bin/../lib/gcc/avr/4.3.3/avr5\libgcc.a(_div_sf.o)
 .debug_aranges
                0x00000080       0x20 e:/hard/imt embedded system/imt tools/sdk/imt_sdk_win_64/winavr/bin/../lib/gcc/avr/4.3.3/avr5\libgcc.a(_ge_sf.o)
 .debug_aranges
                0x000000a0       0x20 e:/hard/imt embedded system/imt tools/sdk/imt_sdk_win_64/winavr/bin/../lib/gcc/avr/4.3.3/avr5\libgcc.a(_sf_to_si.o)
 .debug_aranges
                0x000000c0       0x20 e:/hard/imt embedded system/imt tools/sdk/imt_sdk_win_64/winavr/bin/../lib/gcc/avr/4.3.3/avr5\libgcc.a(_usi_to_sf.o)
 .debug_aranges
                0x000000e0       0x20 e:/hard/imt embedded system/imt tools/sdk/imt_sdk_win_64/winavr/bin/../lib/gcc/avr/4.3.3/avr5\libgcc.a(_clzsi2.o)
 .debug_aranges
                0x00000100       0x20 e:/hard/imt embedded system/imt tools/sdk/imt_sdk_win_64/winavr/bin/../lib/gcc/avr/4.3.3/avr5\libgcc.a(_pack_sf.o)
 .debug_aranges
                0x00000120       0x20 e:/hard/imt embedded system/imt tools/sdk/imt_sdk_win_64/winavr/bin/../lib/gcc/avr/4.3.3/avr5\libgcc.a(_unpack_sf.o)
 .debug_aranges
                0x00000140       0x20 e:/hard/imt embedded system/imt tools/sdk/imt_sdk_win_64/winavr/bin/../lib/gcc/avr/4.3.3/avr5\libgcc.a(_fpcmp_parts_sf.o)

.debug_pubnames
                0x00000000      0x1b6
 *(.debug_pubnames)
 .debug_pubnames
                0x00000000       0x23 e:/hard/imt embedded system/imt tools/sdk/imt_sdk_win_64/winavr/bin/../lib/gcc/avr/4.3.3/avr5\libgcc.a(_fixunssfsi.o)
 .debug_pubnames
                0x00000023       0x2c e:/hard/imt embedded system/imt tools/sdk/imt_sdk_win_64/winavr/bin/../lib/gcc/avr/4.3.3/avr5\libgcc.a(_addsub_sf.o)
 .debug_pubnames
                0x0000004f       0x1f e:/hard/imt embedded system/imt tools/sdk/imt_sdk_win_64/winavr/bin/../lib/gcc/avr/4.3.3/avr5\libgcc.a(_mul_sf.o)
 .debug_pubnames
                0x0000006e       0x1f e:/hard/imt embedded system/imt tools/sdk/imt_sdk_win_64/winavr/bin/../lib/gcc/avr/4.3.3/avr5\libgcc.a(_div_sf.o)
 .debug_pubnames
                0x0000008d       0x1e e:/hard/imt embedded system/imt tools/sdk/imt_sdk_win_64/winavr/bin/../lib/gcc/avr/4.3.3/avr5\libgcc.a(_ge_sf.o)
 .debug_pubnames
                0x000000ab       0x20 e:/hard/imt embedded system/imt tools/sdk/imt_sdk_win_64/winavr/bin/../lib/gcc/avr/4.3.3/avr5\libgcc.a(_sf_to_si.o)
 .debug_pubnames
                0x000000cb       0x22 e:/hard/imt embedded system/imt tools/sdk/imt_sdk_win_64/winavr/bin/../lib/gcc/avr/4.3.3/avr5\libgcc.a(_thenan_sf.o)
 .debug_pubnames
                0x000000ed       0x24 e:/hard/imt embedded system/imt tools/sdk/imt_sdk_win_64/winavr/bin/../lib/gcc/avr/4.3.3/avr5\libgcc.a(_usi_to_sf.o)
 .debug_pubnames
                0x00000111       0x1f e:/hard/imt embedded system/imt tools/sdk/imt_sdk_win_64/winavr/bin/../lib/gcc/avr/4.3.3/avr5\libgcc.a(_clzsi2.o)
 .debug_pubnames
                0x00000130       0x1f e:/hard/imt embedded system/imt tools/sdk/imt_sdk_win_64/winavr/bin/../lib/gcc/avr/4.3.3/avr5\libgcc.a(_pack_sf.o)
 .debug_pubnames
                0x0000014f       0x21 e:/hard/imt embedded system/imt tools/sdk/imt_sdk_win_64/winavr/bin/../lib/gcc/avr/4.3.3/avr5\libgcc.a(_unpack_sf.o)
 .debug_pubnames
                0x00000170       0x26 e:/hard/imt embedded system/imt tools/sdk/imt_sdk_win_64/winavr/bin/../lib/gcc/avr/4.3.3/avr5\libgcc.a(_fpcmp_parts_sf.o)
 .debug_pubnames
                0x00000196       0x20 e:/hard/imt embedded system/imt tools/sdk/imt_sdk_win_64/winavr/bin/../lib/gcc/avr/4.3.3/avr5\libgcc.a(_clz.o)

.debug_info     0x00000000     0x1f0d
 *(.debug_info)
 .debug_info    0x00000000       0xb1 e:/hard/imt embedded system/imt tools/sdk/imt_sdk_win_64/winavr/bin/../lib/gcc/avr/4.3.3/avr5\libgcc.a(_fixunssfsi.o)
 .debug_info    0x000000b1      0x47a e:/hard/imt embedded system/imt tools/sdk/imt_sdk_win_64/winavr/bin/../lib/gcc/avr/4.3.3/avr5\libgcc.a(_addsub_sf.o)
 .debug_info    0x0000052b      0x485 e:/hard/imt embedded system/imt tools/sdk/imt_sdk_win_64/winavr/bin/../lib/gcc/avr/4.3.3/avr5\libgcc.a(_mul_sf.o)
 .debug_info    0x000009b0      0x3fc e:/hard/imt embedded system/imt tools/sdk/imt_sdk_win_64/winavr/bin/../lib/gcc/avr/4.3.3/avr5\libgcc.a(_div_sf.o)
 .debug_info    0x00000dac      0x27f e:/hard/imt embedded system/imt tools/sdk/imt_sdk_win_64/winavr/bin/../lib/gcc/avr/4.3.3/avr5\libgcc.a(_ge_sf.o)
 .debug_info    0x0000102b      0x2b0 e:/hard/imt embedded system/imt tools/sdk/imt_sdk_win_64/winavr/bin/../lib/gcc/avr/4.3.3/avr5\libgcc.a(_sf_to_si.o)
 .debug_info    0x000012db      0x12c e:/hard/imt embedded system/imt tools/sdk/imt_sdk_win_64/winavr/bin/../lib/gcc/avr/4.3.3/avr5\libgcc.a(_thenan_sf.o)
 .debug_info    0x00001407      0x206 e:/hard/imt embedded system/imt tools/sdk/imt_sdk_win_64/winavr/bin/../lib/gcc/avr/4.3.3/avr5\libgcc.a(_usi_to_sf.o)
 .debug_info    0x0000160d      0x117 e:/hard/imt embedded system/imt tools/sdk/imt_sdk_win_64/winavr/bin/../lib/gcc/avr/4.3.3/avr5\libgcc.a(_clzsi2.o)
 .debug_info    0x00001724      0x2df e:/hard/imt embedded system/imt tools/sdk/imt_sdk_win_64/winavr/bin/../lib/gcc/avr/4.3.3/avr5\libgcc.a(_pack_sf.o)
 .debug_info    0x00001a03      0x251 e:/hard/imt embedded system/imt tools/sdk/imt_sdk_win_64/winavr/bin/../lib/gcc/avr/4.3.3/avr5\libgcc.a(_unpack_sf.o)
 .debug_info    0x00001c54      0x210 e:/hard/imt embedded system/imt tools/sdk/imt_sdk_win_64/winavr/bin/../lib/gcc/avr/4.3.3/avr5\libgcc.a(_fpcmp_parts_sf.o)
 .debug_info    0x00001e64       0xa9 e:/hard/imt embedded system/imt tools/sdk/imt_sdk_win_64/winavr/bin/../lib/gcc/avr/4.3.3/avr5\libgcc.a(_clz.o)
 *(.gnu.linkonce.wi.*)

.debug_abbrev   0x00000000     0x10d2
 *(.debug_abbrev)
 .debug_abbrev  0x00000000       0x5d e:/hard/imt embedded system/imt tools/sdk/imt_sdk_win_64/winavr/bin/../lib/gcc/avr/4.3.3/avr5\libgcc.a(_fixunssfsi.o)
 .debug_abbrev  0x0000005d      0x1ea e:/hard/imt embedded system/imt tools/sdk/imt_sdk_win_64/winavr/bin/../lib/gcc/avr/4.3.3/avr5\libgcc.a(_addsub_sf.o)
 .debug_abbrev  0x00000247      0x21b e:/hard/imt embedded system/imt tools/sdk/imt_sdk_win_64/winavr/bin/../lib/gcc/avr/4.3.3/avr5\libgcc.a(_mul_sf.o)
 .debug_abbrev  0x00000462      0x216 e:/hard/imt embedded system/imt tools/sdk/imt_sdk_win_64/winavr/bin/../lib/gcc/avr/4.3.3/avr5\libgcc.a(_div_sf.o)
 .debug_abbrev  0x00000678      0x15a e:/hard/imt embedded system/imt tools/sdk/imt_sdk_win_64/winavr/bin/../lib/gcc/avr/4.3.3/avr5\libgcc.a(_ge_sf.o)
 .debug_abbrev  0x000007d2      0x17f e:/hard/imt embedded system/imt tools/sdk/imt_sdk_win_64/winavr/bin/../lib/gcc/avr/4.3.3/avr5\libgcc.a(_sf_to_si.o)
 .debug_abbrev  0x00000951       0xad e:/hard/imt embedded system/imt tools/sdk/imt_sdk_win_64/winavr/bin/../lib/gcc/avr/4.3.3/avr5\libgcc.a(_thenan_sf.o)
 .debug_abbrev  0x000009fe      0x157 e:/hard/imt embedded system/imt tools/sdk/imt_sdk_win_64/winavr/bin/../lib/gcc/avr/4.3.3/avr5\libgcc.a(_usi_to_sf.o)
 .debug_abbrev  0x00000b55       0xc4 e:/hard/imt embedded system/imt tools/sdk/imt_sdk_win_64/winavr/bin/../lib/gcc/avr/4.3.3/avr5\libgcc.a(_clzsi2.o)
 .debug_abbrev  0x00000c19      0x1c0 e:/hard/imt embedded system/imt tools/sdk/imt_sdk_win_64/winavr/bin/../lib/gcc/avr/4.3.3/avr5\libgcc.a(_pack_sf.o)
 .debug_abbrev  0x00000dd9      0x154 e:/hard/imt embedded system/imt tools/sdk/imt_sdk_win_64/winavr/bin/../lib/gcc/avr/4.3.3/avr5\libgcc.a(_unpack_sf.o)
 .debug_abbrev  0x00000f2d      0x13b e:/hard/imt embedded system/imt tools/sdk/imt_sdk_win_64/winavr/bin/../lib/gcc/avr/4.3.3/avr5\libgcc.a(_fpcmp_parts_sf.o)
 .debug_abbrev  0x00001068       0x6a e:/hard/imt embedded system/imt tools/sdk/imt_sdk_win_64/winavr/bin/../lib/gcc/avr/4.3.3/avr5\libgcc.a(_clz.o)

.debug_line     0x00000000     0x1030
 *(.debug_line)
 .debug_line    0x00000000       0xa7 e:/hard/imt embedded system/imt tools/sdk/imt_sdk_win_64/winavr/bin/../lib/gcc/avr/4.3.3/avr5\libgcc.a(_fixunssfsi.o)
 .debug_line    0x000000a7      0x2af e:/hard/imt embedded system/imt tools/sdk/imt_sdk_win_64/winavr/bin/../lib/gcc/avr/4.3.3/avr5\libgcc.a(_addsub_sf.o)
 .debug_line    0x00000356      0x239 e:/hard/imt embedded system/imt tools/sdk/imt_sdk_win_64/winavr/bin/../lib/gcc/avr/4.3.3/avr5\libgcc.a(_mul_sf.o)
 .debug_line    0x0000058f      0x1d5 e:/hard/imt embedded system/imt tools/sdk/imt_sdk_win_64/winavr/bin/../lib/gcc/avr/4.3.3/avr5\libgcc.a(_div_sf.o)
 .debug_line    0x00000764       0xd3 e:/hard/imt embedded system/imt tools/sdk/imt_sdk_win_64/winavr/bin/../lib/gcc/avr/4.3.3/avr5\libgcc.a(_ge_sf.o)
 .debug_line    0x00000837      0x109 e:/hard/imt embedded system/imt tools/sdk/imt_sdk_win_64/winavr/bin/../lib/gcc/avr/4.3.3/avr5\libgcc.a(_sf_to_si.o)
 .debug_line    0x00000940       0x90 e:/hard/imt embedded system/imt tools/sdk/imt_sdk_win_64/winavr/bin/../lib/gcc/avr/4.3.3/avr5\libgcc.a(_thenan_sf.o)
 .debug_line    0x000009d0      0x133 e:/hard/imt embedded system/imt tools/sdk/imt_sdk_win_64/winavr/bin/../lib/gcc/avr/4.3.3/avr5\libgcc.a(_usi_to_sf.o)
 .debug_line    0x00000b03       0xa5 e:/hard/imt embedded system/imt tools/sdk/imt_sdk_win_64/winavr/bin/../lib/gcc/avr/4.3.3/avr5\libgcc.a(_clzsi2.o)
 .debug_line    0x00000ba8      0x18a e:/hard/imt embedded system/imt tools/sdk/imt_sdk_win_64/winavr/bin/../lib/gcc/avr/4.3.3/avr5\libgcc.a(_pack_sf.o)
 .debug_line    0x00000d32      0x14b e:/hard/imt embedded system/imt tools/sdk/imt_sdk_win_64/winavr/bin/../lib/gcc/avr/4.3.3/avr5\libgcc.a(_unpack_sf.o)
 .debug_line    0x00000e7d      0x137 e:/hard/imt embedded system/imt tools/sdk/imt_sdk_win_64/winavr/bin/../lib/gcc/avr/4.3.3/avr5\libgcc.a(_fpcmp_parts_sf.o)
 .debug_line    0x00000fb4       0x7c e:/hard/imt embedded system/imt tools/sdk/imt_sdk_win_64/winavr/bin/../lib/gcc/avr/4.3.3/avr5\libgcc.a(_clz.o)

.debug_frame    0x00000000      0x180
 *(.debug_frame)
 .debug_frame   0x00000000       0x20 e:/hard/imt embedded system/imt tools/sdk/imt_sdk_win_64/winavr/bin/../lib/gcc/avr/4.3.3/avr5\libgcc.a(_fixunssfsi.o)
 .debug_frame   0x00000020       0x40 e:/hard/imt embedded system/imt tools/sdk/imt_sdk_win_64/winavr/bin/../lib/gcc/avr/4.3.3/avr5\libgcc.a(_addsub_sf.o)
 .debug_frame   0x00000060       0x20 e:/hard/imt embedded system/imt tools/sdk/imt_sdk_win_64/winavr/bin/../lib/gcc/avr/4.3.3/avr5\libgcc.a(_mul_sf.o)
 .debug_frame   0x00000080       0x20 e:/hard/imt embedded system/imt tools/sdk/imt_sdk_win_64/winavr/bin/../lib/gcc/avr/4.3.3/avr5\libgcc.a(_div_sf.o)
 .debug_frame   0x000000a0       0x20 e:/hard/imt embedded system/imt tools/sdk/imt_sdk_win_64/winavr/bin/../lib/gcc/avr/4.3.3/avr5\libgcc.a(_ge_sf.o)
 .debug_frame   0x000000c0       0x20 e:/hard/imt embedded system/imt tools/sdk/imt_sdk_win_64/winavr/bin/../lib/gcc/avr/4.3.3/avr5\libgcc.a(_sf_to_si.o)
 .debug_frame   0x000000e0       0x20 e:/hard/imt embedded system/imt tools/sdk/imt_sdk_win_64/winavr/bin/../lib/gcc/avr/4.3.3/avr5\libgcc.a(_usi_to_sf.o)
 .debug_frame   0x00000100       0x20 e:/hard/imt embedded system/imt tools/sdk/imt_sdk_win_64/winavr/bin/../lib/gcc/avr/4.3.3/avr5\libgcc.a(_clzsi2.o)
 .debug_frame   0x00000120       0x20 e:/hard/imt embedded system/imt tools/sdk/imt_sdk_win_64/winavr/bin/../lib/gcc/avr/4.3.3/avr5\libgcc.a(_pack_sf.o)
 .debug_frame   0x00000140       0x20 e:/hard/imt embedded system/imt tools/sdk/imt_sdk_win_64/winavr/bin/../lib/gcc/avr/4.3.3/avr5\libgcc.a(_unpack_sf.o)
 .debug_frame   0x00000160       0x20 e:/hard/imt embedded system/imt tools/sdk/imt_sdk_win_64/winavr/bin/../lib/gcc/avr/4.3.3/avr5\libgcc.a(_fpcmp_parts_sf.o)

.debug_str      0x00000000      0x2e6
 *(.debug_str)
 .debug_str     0x00000000       0xbf e:/hard/imt embedded system/imt tools/sdk/imt_sdk_win_64/winavr/bin/../lib/gcc/avr/4.3.3/avr5\libgcc.a(_fixunssfsi.o)
                                 0xfe (size before relaxing)
 .debug_str     0x000000bf      0x14d e:/hard/imt embedded system/imt tools/sdk/imt_sdk_win_64/winavr/bin/../lib/gcc/avr/4.3.3/avr5\libgcc.a(_addsub_sf.o)
                                0x206 (size before relaxing)
 .debug_str     0x0000020c       0x27 e:/hard/imt embedded system/imt tools/sdk/imt_sdk_win_64/winavr/bin/../lib/gcc/avr/4.3.3/avr5\libgcc.a(_mul_sf.o)
                                0x1bf (size before relaxing)
 .debug_str     0x00000233       0x35 e:/hard/imt embedded system/imt tools/sdk/imt_sdk_win_64/winavr/bin/../lib/gcc/avr/4.3.3/avr5\libgcc.a(_div_sf.o)
                                0x1c8 (size before relaxing)
 .debug_str     0x00000268        0x8 e:/hard/imt embedded system/imt tools/sdk/imt_sdk_win_64/winavr/bin/../lib/gcc/avr/4.3.3/avr5\libgcc.a(_ge_sf.o)
                                0x195 (size before relaxing)
 .debug_str     0x00000270        0xa e:/hard/imt embedded system/imt tools/sdk/imt_sdk_win_64/winavr/bin/../lib/gcc/avr/4.3.3/avr5\libgcc.a(_sf_to_si.o)
                                0x19e (size before relaxing)
 .debug_str     0x00000000      0x103 e:/hard/imt embedded system/imt tools/sdk/imt_sdk_win_64/winavr/bin/../lib/gcc/avr/4.3.3/avr5\libgcc.a(_thenan_sf.o)
 .debug_str     0x0000027a       0x21 e:/hard/imt embedded system/imt tools/sdk/imt_sdk_win_64/winavr/bin/../lib/gcc/avr/4.3.3/avr5\libgcc.a(_usi_to_sf.o)
                                0x177 (size before relaxing)
 .debug_str     0x0000029b       0x20 e:/hard/imt embedded system/imt tools/sdk/imt_sdk_win_64/winavr/bin/../lib/gcc/avr/4.3.3/avr5\libgcc.a(_clzsi2.o)
                                0x111 (size before relaxing)
 .debug_str     0x000002bb       0x10 e:/hard/imt embedded system/imt tools/sdk/imt_sdk_win_64/winavr/bin/../lib/gcc/avr/4.3.3/avr5\libgcc.a(_pack_sf.o)
                                0x19d (size before relaxing)
 .debug_str     0x000002cb        0xb e:/hard/imt embedded system/imt tools/sdk/imt_sdk_win_64/winavr/bin/../lib/gcc/avr/4.3.3/avr5\libgcc.a(_unpack_sf.o)
                                0x17f (size before relaxing)
 .debug_str     0x000002d6       0x10 e:/hard/imt embedded system/imt tools/sdk/imt_sdk_win_64/winavr/bin/../lib/gcc/avr/4.3.3/avr5\libgcc.a(_fpcmp_parts_sf.o)
                                0x163 (size before relaxing)
 .debug_str     0x00000000       0xf4 e:/hard/imt embedded system/imt tools/sdk/imt_sdk_win_64/winavr/bin/../lib/gcc/avr/4.3.3/avr5\libgcc.a(_clz.o)

.debug_loc      0x00000000      0x8f6
 *(.debug_loc)
 .debug_loc     0x00000000       0x34 e:/hard/imt embedded system/imt tools/sdk/imt_sdk_win_64/winavr/bin/../lib/gcc/avr/4.3.3/avr5\libgcc.a(_fixunssfsi.o)
 .debug_loc     0x00000034      0x32a e:/hard/imt embedded system/imt tools/sdk/imt_sdk_win_64/winavr/bin/../lib/gcc/avr/4.3.3/avr5\libgcc.a(_addsub_sf.o)
 .debug_loc     0x0000035e      0x104 e:/hard/imt embedded system/imt tools/sdk/imt_sdk_win_64/winavr/bin/../lib/gcc/avr/4.3.3/avr5\libgcc.a(_mul_sf.o)
 .debug_loc     0x00000462       0xc0 e:/hard/imt embedded system/imt tools/sdk/imt_sdk_win_64/winavr/bin/../lib/gcc/avr/4.3.3/avr5\libgcc.a(_div_sf.o)
 .debug_loc     0x00000522       0x3c e:/hard/imt embedded system/imt tools/sdk/imt_sdk_win_64/winavr/bin/../lib/gcc/avr/4.3.3/avr5\libgcc.a(_ge_sf.o)
 .debug_loc     0x0000055e       0x7e e:/hard/imt embedded system/imt tools/sdk/imt_sdk_win_64/winavr/bin/../lib/gcc/avr/4.3.3/avr5\libgcc.a(_sf_to_si.o)
 .debug_loc     0x000005dc       0x4c e:/hard/imt embedded system/imt tools/sdk/imt_sdk_win_64/winavr/bin/../lib/gcc/avr/4.3.3/avr5\libgcc.a(_usi_to_sf.o)
 .debug_loc     0x00000628       0x94 e:/hard/imt embedded system/imt tools/sdk/imt_sdk_win_64/winavr/bin/../lib/gcc/avr/4.3.3/avr5\libgcc.a(_clzsi2.o)
 .debug_loc     0x000006bc      0x13e e:/hard/imt embedded system/imt tools/sdk/imt_sdk_win_64/winavr/bin/../lib/gcc/avr/4.3.3/avr5\libgcc.a(_pack_sf.o)
 .debug_loc     0x000007fa       0xac e:/hard/imt embedded system/imt tools/sdk/imt_sdk_win_64/winavr/bin/../lib/gcc/avr/4.3.3/avr5\libgcc.a(_unpack_sf.o)
 .debug_loc     0x000008a6       0x50 e:/hard/imt embedded system/imt tools/sdk/imt_sdk_win_64/winavr/bin/../lib/gcc/avr/4.3.3/avr5\libgcc.a(_fpcmp_parts_sf.o)

.debug_macinfo
 *(.debug_macinfo)
OUTPUT(Lane_Node.elf elf32-avr)
LOAD linker stubs

.debug_ranges   0x00000000       0x50
 .debug_ranges  0x00000000       0x50 e:/hard/imt embedded system/imt tools/sdk/imt_sdk_win_64/winavr/bin/../lib/gcc/avr/4.3.3/avr5\libgcc.a(_mul_sf.o)
